optionlist: ['verbosity', 'print_colorized', 'logfile', 'version', 'config', 'datadir', 'user_data_dir']
optionlist: ['strategy', 'strategy_path', 'recursive_strategy_search', 'freqaimodel', 'freqaimodel_path']
optionlist: ['version_main']
optionlist: ['db_url', 'sd_notify', 'dry_run', 'dry_run_wallet', 'fee']
optionlist: ['user_data_dir', 'reset']
optionlist: ['config']
optionlist: ['user_data_dir', 'config', 'show_sensitive']
optionlist: ['user_data_dir', 'strategy', 'strategy_path', 'template']
optionlist: ['pairs', 'pairs_file', 'days', 'new_pairs_days', 'include_inactive', 'no_parallel_download', 'timerange', 'download_trades', 'convert_trades', 'exchange', 'timeframes', 'erase', 'dataformat_ohlcv', 'dataformat_trades', 'trading_mode', 'prepend_data']
optionlist: ['pairs', 'format_from', 'format_to', 'erase', 'exchange', 'timeframes', 'trading_mode', 'candle_types']
optionlist: ['pairs', 'format_from_trades', 'format_to', 'erase', 'exchange']
optionlist: ['pairs', 'timeframes', 'exchange', 'dataformat_ohlcv', 'dataformat_trades', 'trading_mode']
optionlist: ['exchange', 'dataformat_ohlcv', 'dataformat_trades', 'trades', 'pairs', 'trading_mode', 'show_timerange']
optionlist: ['timeframe', 'timerange', 'dataformat_ohlcv', 'max_open_trades', 'stake_amount', 'fee', 'pairs', 'position_stacking', 'enable_protections', 'dry_run_wallet', 'timeframe_detail', 'strategy_list', 'export', 'exportfilename', 'exportdirectory', 'backtest_breakdown', 'backtest_cache', 'freqai_backtest_live_models', 'backtest_notes']
optionlist: ['exportfilename', 'exportdirectory', 'backtest_show_pair_list', 'backtest_breakdown']
optionlist: ['exportfilename', 'exportdirectory', 'analysis_groups', 'enter_reason_list', 'exit_reason_list', 'indicator_list', 'entry_only', 'exit_only', 'timerange', 'analysis_rejected', 'analysis_to_csv', 'analysis_csv_path']
optionlist: ['timeframe', 'timerange', 'dataformat_ohlcv', 'max_open_trades', 'stake_amount', 'fee', 'pairs']
optionlist: ['timeframe', 'timerange', 'dataformat_ohlcv', 'max_open_trades', 'stake_amount', 'fee', 'pairs', 'hyperopt', 'hyperopt_path', 'position_stacking', 'enable_protections', 'dry_run_wallet', 'timeframe_detail', 'epochs', 'spaces', 'print_all', 'print_json', 'hyperopt_jobs', 'hyperopt_random_state', 'hyperopt_min_trades', 'hyperopt_loss', 'disableparamexport', 'hyperopt_ignore_missing_space', 'analyze_per_epoch', 'early_stop']
optionlist: ['hyperopt_list_best', 'hyperopt_list_profitable', 'hyperopt_list_min_trades', 'hyperopt_list_max_trades', 'hyperopt_list_min_avg_time', 'hyperopt_list_max_avg_time', 'hyperopt_list_min_avg_profit', 'hyperopt_list_max_avg_profit', 'hyperopt_list_min_total_profit', 'hyperopt_list_max_total_profit', 'hyperopt_list_min_objective', 'hyperopt_list_max_objective', 'print_json', 'hyperopt_list_no_details', 'hyperoptexportfilename', 'export_csv']
optionlist: ['hyperopt_list_best', 'hyperopt_list_profitable', 'hyperopt_show_index', 'print_json', 'hyperoptexportfilename', 'hyperopt_show_no_header', 'disableparamexport', 'backtest_breakdown']
optionlist: ['print_one_column', 'list_exchanges_all', 'trading_mode', 'dex_exchanges']
optionlist: ['exchange', 'print_list', 'list_pairs_print_json', 'print_one_column', 'print_csv', 'base_currencies', 'quote_currencies', 'list_pairs_all', 'trading_mode']
optionlist: ['exchange', 'print_list', 'list_pairs_print_json', 'print_one_column', 'print_csv', 'base_currencies', 'quote_currencies', 'list_pairs_all', 'trading_mode']
optionlist: ['strategy_path', 'print_one_column', 'recursive_strategy_search']
optionlist: ['hyperopt_path', 'print_one_column']
optionlist: ['freqaimodel_path', 'print_one_column']
optionlist: ['exchange', 'print_one_column']
optionlist: ['db_url', 'trade_ids', 'print_json']
optionlist: ['user_data_dir', 'verbosity', 'config', 'quote_currencies', 'print_one_column', 'list_pairs_print_json', 'exchange']
optionlist: ['db_url', 'db_url_from']
optionlist: ['erase_ui_only', 'ui_prerelease', 'ui_version']
optionlist: ['pairs', 'indicators1', 'indicators2', 'plot_limit', 'db_url', 'trade_source', 'export', 'exportfilename', 'timerange', 'timeframe', 'no_trades']
optionlist: ['pairs', 'timerange', 'export', 'exportfilename', 'db_url', 'trade_source', 'timeframe', 'plot_auto_open']
optionlist: []
optionlist: ['strategy_list', 'strategy_path', 'recursive_strategy_search']
optionlist: ['timeframe', 'timerange', 'dataformat_ohlcv', 'max_open_trades', 'stake_amount', 'fee', 'pairs', 'enable_protections', 'dry_run_wallet', 'timeframe_detail', 'strategy_list', 'export', 'exportfilename', 'exportdirectory', 'freqai_backtest_live_models', 'minimum_trade_amount', 'targeted_trade_amount', 'lookahead_analysis_exportfilename', 'lookahead_allow_limit_orders']
optionlist: ['timeframe', 'timerange', 'dataformat_ohlcv', 'pairs', 'startup_candle']
Add {
	"method": "AgeFilter",
	"min_days_listed": 30
},
 to your pairlists in config (Under StaticPairList)
[0      False
1      False
2      False
3      False
4      False
       ...  
294    False
295    False
296    False
297    False
298    False
Name: trend_ichimoku_base, Length: 299, dtype: bool]
[0      False
1      False
2      False
3      False
4      False
       ...  
295    False
296    False
297    False
298    False
299    False
Name: trend_ichimoku_base, Length: 300, dtype: bool]
[0      False
1      False
2      False
3      False
4      False
       ...  
295    False
296    False
297    False
298    False
299    False
Name: trend_ichimoku_base, Length: 300, dtype: bool]
[0      False
1      False
2      False
3      False
4      False
       ...  
295    False
296    False
297    False
298    False
299    False
Name: trend_ichimoku_base, Length: 300, dtype: bool]
[0      False
1      False
2      False
3      False
4      False
       ...  
295    False
296    False
297    False
298    False
299    False
Name: trend_ichimoku_base, Length: 300, dtype: bool]
[0      False
1      False
2      False
3      False
4      False
       ...  
295    False
296    False
297    False
298    False
299    False
Name: trend_ichimoku_base, Length: 300, dtype: bool]
[0      False
1      False
2      False
3      False
4      False
       ...  
295    False
296    False
297    False
298    False
299    False
Name: trend_ichimoku_base, Length: 300, dtype: bool]
[0      False
1      False
2      False
3      False
4      False
       ...  
295    False
296    False
297    False
298    False
299    False
Name: trend_ichimoku_base, Length: 300, dtype: bool]
[0      False
1      False
2      False
3      False
4      False
       ...  
295    False
296    False
297    False
298    False
299    False
Name: trend_ichimoku_base, Length: 300, dtype: bool]
[0      False
1      False
2      False
3      False
4      False
       ...  
295    False
296    False
297    False
298    False
299    False
Name: trend_ichimoku_base, Length: 300, dtype: bool]
[0      False
1      False
2      False
3      False
4      False
       ...  
295    False
296    False
297    False
298    False
299    False
Name: trend_ichimoku_base, Length: 300, dtype: bool]
[0      False
1      False
2      False
3      False
4      False
       ...  
295    False
296    False
297    False
298    False
299    False
Name: trend_ichimoku_base, Length: 300, dtype: bool]
[0      False
1      False
2      False
3      False
4      False
       ...  
295    False
296    False
297    False
298    False
299    False
Name: trend_ichimoku_base, Length: 300, dtype: bool]
[0      False
1      False
2      False
3      False
4      False
       ...  
295    False
296    False
297    False
298    False
299    False
Name: trend_ichimoku_base, Length: 300, dtype: bool]
[0      False
1      False
2      False
3      False
4      False
       ...  
295    False
296    False
297    False
298    False
299    False
Name: trend_ichimoku_base, Length: 300, dtype: bool]
[0      False
1      False
2      False
3      False
4      False
       ...  
295    False
296    False
297    False
298    False
299    False
Name: trend_ichimoku_base, Length: 300, dtype: bool]
[0      False
1      False
2      False
3      False
4      False
       ...  
295    False
296    False
297    False
298    False
299    False
Name: trend_ichimoku_base, Length: 300, dtype: bool]
[0      False
1      False
2      False
3      False
4      False
       ...  
295    False
296    False
297    False
298    False
299    False
Name: trend_ichimoku_base, Length: 300, dtype: bool]
[0      False
1      False
2      False
3      False
4      False
       ...  
295    False
296    False
297    False
298    False
299    False
Name: trend_ichimoku_base, Length: 300, dtype: bool]
[0      False
1      False
2      False
3      False
4      False
       ...  
295    False
296    False
297    False
298    False
299    False
Name: trend_ichimoku_base, Length: 300, dtype: bool]
[0      False
1      False
2      False
3      False
4      False
       ...  
295    False
296    False
297    False
298    False
299    False
Name: trend_ichimoku_base, Length: 300, dtype: bool]
[0      False
1      False
2      False
3      False
4      False
       ...  
295    False
296    False
297    False
298    False
299    False
Name: trend_ichimoku_base, Length: 300, dtype: bool]
[0      False
1      False
2      False
3      False
4      False
       ...  
295    False
296    False
297    False
298    False
299    False
Name: trend_ichimoku_base, Length: 300, dtype: bool]
[0      False
1      False
2      False
3      False
4      False
       ...  
295    False
296    False
297    False
298    False
299    False
Name: trend_ichimoku_base, Length: 300, dtype: bool]
[0      False
1      False
2      False
3      False
4      False
       ...  
295    False
296    False
297    False
298    False
299    False
Name: trend_ichimoku_base, Length: 300, dtype: bool]
[0      False
1      False
2      False
3      False
4      False
       ...  
295    False
296    False
297    False
298    False
299    False
Name: trend_ichimoku_base, Length: 300, dtype: bool]
[0      False
1      False
2      False
3      False
4      False
       ...  
295    False
296    False
297    False
298    False
299    False
Name: trend_ichimoku_base, Length: 300, dtype: bool]
[0      False
1      False
2      False
3      False
4      False
       ...  
295    False
296    False
297    False
298    False
299    False
Name: trend_ichimoku_base, Length: 300, dtype: bool]
[0      False
1      False
2      False
3      False
4      False
       ...  
295    False
296    False
297    False
298    False
299    False
Name: trend_ichimoku_base, Length: 300, dtype: bool]
[0      False
1      False
2      False
3      False
4      False
       ...  
295    False
296    False
297    False
298    False
299    False
Name: trend_ichimoku_base, Length: 300, dtype: bool]
[0      False
1      False
2      False
3      False
4      False
       ...  
295    False
296    False
297    False
298    False
299    False
Name: trend_ichimoku_base, Length: 300, dtype: bool]
[0      False
1      False
2      False
3      False
4      False
       ...  
295    False
296    False
297    False
298    False
299    False
Name: trend_ichimoku_base, Length: 300, dtype: bool]
[0      False
1      False
2      False
3      False
4      False
       ...  
295    False
296    False
297    False
298    False
299    False
Name: trend_ichimoku_base, Length: 300, dtype: bool]
